C251 COMPILER V5.60.0,  EM_Calc                                                            25/01/22  13:56:04  PAGE 1   


C251 COMPILER V5.60.0, COMPILATION OF MODULE EM_Calc
OBJECT MODULE PLACED IN .\Objects\EM_Calc.obj
COMPILER INVOKED BY: C:\Keil_v5\C251\BIN\C251.EXE CODE\ALGORITHM\EM_Calc.c LARGE INTR2 BROWSE INCDIR(.\CODE\ALGORITHM;.\
                    -CODE\DRIVER;.\CODE\Libraries\libraries;.\CODE\Libraries\seekfree_libraries;.\CODE\Libraries\seekfree_peripheral;.\CODE\U
                    -SER) DEBUG PRINT(.\Listings\EM_Calc.lst) TABS(2) OBJECT(.\Objects\EM_Calc.obj) 

stmt  level    source

    1          /*
    2           * @Description  : 差和比差加权算法实现
    3           * @Author       : FZU Liao
    4           * @Date         : 2022-01-10 12:39:00
    5           * @LastEditors  : Liao
    6           * @LastEditTime : 2022-01-23 20:52:58
    7           * @FilePath     : \ALGORITHM\EM_Calc.c
    8           * Copyright 2022 FZU Liao, All Rights Reserved. 
    9           */
   10          
   11          #include "EM_Calc.h"
   12          
   13          #define L  1
   14          #define LM 0
   15          #define RM 3
   16          #define R  2
   17          
   18          #define ParamA 1
   19          #define ParamB 1
   20          
   21          float EM_CALC_POS_RES(int* EM_data){
   22   1         float RES;
   23   1         int i;
   24   1         for(i=0;i<4;i++){
   25   2             if(EM_data[i]<10) EM_data[i]=0; 
   26   2         }
   27   1         RES = (EM_data[LM]-EM_data[RM])>0 ? (
   28   1             ((float)(EM_data[L]-EM_data[R])*ParamA + (float)(EM_data[LM]-EM_data[RM])*ParamB)
   29   1             /((float)(EM_data[L]+EM_data[R])*ParamA + (float)(EM_data[LM]-EM_data[RM])*ParamB)
   30   1          ):(
   31   1              ((float)(EM_data[L]-EM_data[R])*ParamA + (float)(EM_data[LM]-EM_data[RM])*ParamB)
   32   1              /((float)(EM_data[L]+EM_data[R])*ParamA + (float)(EM_data[RM]-EM_data[LM])*ParamB)
   33   1          );
   34   1         return RES;
   35   1      }


Module Information          Static   Overlayable
------------------------------------------------
  code size            =       153     ------
  ecode size           =    ------     ------
  data size            =    ------     ------
  idata size           =    ------     ------
  pdata size           =    ------     ------
  xdata size           =    ------     ------
  xdata-const size     =    ------     ------
  edata size           =    ------     ------
  bit size             =    ------     ------
  ebit size            =    ------     ------
  bitaddressable size  =    ------     ------
  ebitaddressable size =    ------     ------
  far data size        =    ------     ------
  huge data size       =    ------     ------
  const size           =    ------     ------
  hconst size          =    ------     ------
End of Module Information.


C251 COMPILATION COMPLETE.  0 WARNING(S),  0 ERROR(S)
