C251 COMPILER V5.60.0,  main                                                               26/01/22  12:28:52  PAGE 1   


C251 COMPILER V5.60.0, COMPILATION OF MODULE main
OBJECT MODULE PLACED IN .\Objects\main.obj
COMPILER INVOKED BY: C:\Keil_v5\C251\BIN\C251.EXE CODE\USER\main.c LARGE INTR2 BROWSE INCDIR(.\CODE\ALGORITHM;.\CODE\DRI
                    -VER;.\CODE\Libraries\libraries;.\CODE\Libraries\seekfree_libraries;.\CODE\Libraries\seekfree_peripheral;.\CODE\USER) DEB
                    -UG PRINT(.\Listings\main.lst) TABS(2) OBJECT(.\Objects\main.obj) 

stmt  level    source

    1          #include "CONTROL_SYSTEM.h"
    2          #include "headfile.h"
    3          #include "LCD_show.h"
    4          #define TARGET_SPEED 200
    5          
    6          void SYS_INIT_ALL(){
    7   1          sys_clk=30000000;
    8   1          board_init();
    9   1          lcd_init();
   10   1          ISR_INIT();
   11   1          EnableGlobalIRQ();
   12   1          
   13   1      }
   14          
   15          //begin-----------------------------------------------------------------
   16          // ENCODE_SENSOR SENSOR;
   17          int res;
   18          int datalist[4];      //电磁传感器数据存储列表
   19          
   20          void display(){
   21   1          // debug-----------------------------------------------------------------
   22   1          LCD_display("L",datalist[0],0);
   23   1          LCD_display("LM",datalist[1],1);
   24   1          LCD_display("RM",datalist[2],2);
   25   1          LCD_display("R",datalist[3],3);
   26   1          //LCD_display("dir",EM_CALC_POS_RES(datalist)*1000,4);
   27   1      //-----------------------------------------------------------------
   28   1      }
   29          //end-----------------------------------------------------------------
   30          
   31          void main(){
   32   1          SYS_INIT_ALL();
   33   1          lcd_clear(BLUE);
   34   1          lcd_clear(WHITE);
   35   1          MYSYS_INIT();
   36   1      //begin-----------------------------------------------------------------
   37   1          pit_timer_ms(TIM_1,2);
   38   1      //end-----------------------------------------------------------------
   39   1          while(1){
   40   2              Data_update();
   41   2              MyControlSys_TASK();
   42   2              // // res = ENCODING_READ_RESULT();
   43   2              // // STEP_MOTOR_CONTROL(RES,TARGET_SPEED);
   44   2              // // delay_ms(5);
   45   2              // EM_READ_SENSOR(datalist);
   46   2              // LCD_display("ANGLE",SERVO_MOTOR_CONTROL(datalist,0),5);
   47   2              // display();
   48   2          }
   49   1      }


Module Information          Static   Overlayable
------------------------------------------------
  code size            =       144     ------
  ecode size           =    ------     ------
  data size            =    ------     ------
  idata size           =    ------     ------
  pdata size           =    ------     ------
C251 COMPILER V5.60.0,  main                                                               26/01/22  12:28:52  PAGE 2   

  xdata size           =        10     ------
  xdata-const size     =    ------     ------
  edata size           =    ------     ------
  bit size             =    ------     ------
  ebit size            =    ------     ------
  bitaddressable size  =    ------     ------
  ebitaddressable size =    ------     ------
  far data size        =    ------     ------
  huge data size       =    ------     ------
  const size           =    ------     ------
  hconst size          =        10     ------
End of Module Information.


C251 COMPILATION COMPLETE.  0 WARNING(S),  0 ERROR(S)
