C251 COMPILER V5.60.0,  main                                                               23/02/22  23:33:35  PAGE 1   


C251 COMPILER V5.60.0, COMPILATION OF MODULE main
OBJECT MODULE PLACED IN .\Objects\main.obj
COMPILER INVOKED BY: C:\Keil_v5\C251\BIN\C251.EXE CODE\USER\main.c LARGE INTR2 BROWSE INCDIR(.\CODE\ALGORITHM;.\CODE\DRI
                    -VER;.\CODE\Libraries\libraries;.\CODE\Libraries\seekfree_libraries;.\CODE\Libraries\seekfree_peripheral;.\CODE\USER) DEB
                    -UG PRINT(.\Listings\main.lst) TABS(2) OBJECT(.\Objects\main.obj) 

stmt  level    source

    1          #include "CONTROL_SYSTEM.h"
    2          #include "headfile.h"
    3          #include "LCD_show.h"
    4          
    5          void main(){
    6   1          SYS_INIT_ALL();//底层初始化
    7   1          CONTROL_SYS_INIT();//控制程序初始化
    8   1          pit_timer_ms(TIM_1,2);//任务时钟设置
    9   1          while(1){
   10   2              Data_update();//数据更新
   11   2              ControlSys();//执行任务
   12   2          }
   13   1      }


Module Information          Static   Overlayable
------------------------------------------------
  code size            =        25     ------
  ecode size           =    ------     ------
  data size            =    ------     ------
  idata size           =    ------     ------
  pdata size           =    ------     ------
  xdata size           =    ------     ------
  xdata-const size     =    ------     ------
  edata size           =    ------     ------
  bit size             =    ------     ------
  ebit size            =    ------     ------
  bitaddressable size  =    ------     ------
  ebitaddressable size =    ------     ------
  far data size        =    ------     ------
  huge data size       =    ------     ------
  const size           =    ------     ------
  hconst size          =    ------     ------
End of Module Information.


C251 COMPILATION COMPLETE.  0 WARNING(S),  0 ERROR(S)
