C251 COMPILER V5.60.0,  SERVO_MOTOR                                                        24/01/22  10:52:22  PAGE 1   


C251 COMPILER V5.60.0, COMPILATION OF MODULE SERVO_MOTOR
OBJECT MODULE PLACED IN .\Objects\SERVO_MOTOR.obj
COMPILER INVOKED BY: C:\Keil_v5\C251\BIN\C251.EXE CODE\DRIVER\SERVO_MOTOR.c LARGE INTR2 BROWSE INCDIR(.\CODE\ALGORITHM;.
                    -\CODE\DRIVER;.\CODE\Libraries\libraries;.\CODE\Libraries\seekfree_libraries;.\CODE\Libraries\seekfree_peripheral;.\CODE\
                    -USER) DEBUG PRINT(.\Listings\SERVO_MOTOR.lst) TABS(2) OBJECT(.\Objects\SERVO_MOTOR.obj) 

stmt  level    source

    1          #include "zf_gpio.h"
    2          #include "SERVO_MOTOR.h"
    3          #include "zf_delay.h"
    4          
    5          #define MAX_ANGLE 7
    6          
    7          void SERVO_MOTOR_INIT(){
    8   1          pwm_init(PWM_CHANNEL_SERVO,50,760);
    9   1      }
   10             
   11          void SERVO_MOTOR_ANGLE(int angle){
   12   1          uint16 duty;
   13   1          if(angle>MAX_ANGLE) angle = MAX_ANGLE;
   14   1          if(angle<-MAX_ANGLE) angle = -MAX_ANGLE;
   15   1          duty=angle*30;
   16   1          pwm_duty(PWM_CHANNEL_SERVO,760+duty);
   17   1          delay_ms(30);
   18   1      }


Module Information          Static   Overlayable
------------------------------------------------
  code size            =        73     ------
  ecode size           =    ------     ------
  data size            =    ------     ------
  idata size           =    ------     ------
  pdata size           =    ------     ------
  xdata size           =    ------     ------
  xdata-const size     =    ------     ------
  edata size           =    ------     ------
  bit size             =    ------     ------
  ebit size            =    ------     ------
  bitaddressable size  =    ------     ------
  ebitaddressable size =    ------     ------
  far data size        =    ------     ------
  huge data size       =    ------     ------
  const size           =    ------     ------
  hconst size          =    ------     ------
End of Module Information.


C251 COMPILATION COMPLETE.  0 WARNING(S),  0 ERROR(S)
