C251 COMPILER V5.60.0,  STEP_MOTOR_CONTROL                                                 17/02/22  14:35:33  PAGE 1   


C251 COMPILER V5.60.0, COMPILATION OF MODULE STEP_MOTOR_CONTROL
OBJECT MODULE PLACED IN .\Objects\STEP_MOTOR_CONTROL.obj
COMPILER INVOKED BY: C:\Keil_v5\C251\BIN\C251.EXE CODE\USER\STEP_MOTOR_CONTROL.C LARGE INTR2 BROWSE INCDIR(.\CODE\ALGORI
                    -THM;.\CODE\DRIVER;.\CODE\Libraries\libraries;.\CODE\Libraries\seekfree_libraries;.\CODE\Libraries\seekfree_peripheral;.\
                    -CODE\USER) DEBUG PRINT(.\Listings\STEP_MOTOR_CONTROL.lst) TABS(2) OBJECT(.\Objects\STEP_MOTOR_CONTROL.obj) 

stmt  level    source

    1          #include "STEP_MOTOR_CONTROL.h"
    2          #include "STEP_MOTOR.h"
    3          #include "PID.h"
    4          #include "LCD_show.h"
    5          
    6          STEP_MOTOR MOTOR;
    7          PID STEPMOTOR_PID;
    8          
    9          void StepMotorControl_INIT(){
   10   1          PID_INIT_NEWPID(&STEPMOTOR_PID,STEERING_Kp,STEERING_Ki,STEERING_Kd,0,PID_INCREASE_MODE);
   11   1          STEP_MOTOR_INIT(&MOTOR, PWMA_CH2P_P62,PWMA_CH1P_P60, P6_0, P6_2);
   12   1      }
   13          
   14          int StepMotorControl(int CURRENT_SPEED,int TARGET_SPEED){
   15   1          // if(CURRENT_SPEED>0 && FLAG == OFF) FLAG = ON;
   16   1          // if (CURRENT_SPEED==0 && FLAG == ON || CURRENT_SPEED - TARGET_SPEED > ERROR_RANGE) {
   17   1          //     STEP_MOTOR_STOP();
   18   1          // }
   19   1          // else if(CURRENT_SPEED - TARGET_SPEED <ERROR_RANGE){
   20   1          //     STEP_MOTOR_FORWORD(STEP_MOTOR_MAX_DUTY);
   21   1          // }
   22   1          // else{
   23   1          //     PID_SET_TARGET(&MOTOR,TARGET_SPEED);
   24   1          //     STEP_MOTOR_FORWORD(PID_CALC_RESULT(&STEP_MOTOR_PID,CURRENT_SPEED));
   25   1          // }
   26   1          int delta;
   27   1          int max_pwm;
   28   1          max_pwm = MOTOR_MAX_PWM(CURRENT_SPEED);
   29   1          PID_SET_TARGET(&STEPMOTOR_PID,TARGET_SPEED);
   30   1          delta = PID_CALC_RESULT(&STEPMOTOR_PID,CURRENT_SPEED);
   31   1          MOTOR.CURRENT_PWM_DUTY = MOTOR.CURRENT_PWM_DUTY +delta ;
   32   1          if(MOTOR.CURRENT_PWM_DUTY > max_pwm) MOTOR.CURRENT_PWM_DUTY = max_pwm;//步进电机限幅
   33   1          if(MOTOR.CURRENT_PWM_DUTY < 0) MOTOR.CURRENT_PWM_DUTY = 0;
   34   1          STEP_MOTOR_FORWARD(&MOTOR,MOTOR.CURRENT_PWM_DUTY);
   35   1          LCD("MOTOR_D",delta,6);
   36   1          LCD("PWM",MOTOR.CURRENT_PWM_DUTY,7);
   37   1          
   38   1          return delta;
   39   1      }


Module Information          Static   Overlayable
------------------------------------------------
  code size            =       268     ------
  ecode size           =    ------     ------
  data size            =    ------     ------
  idata size           =    ------     ------
  pdata size           =    ------     ------
  xdata size           =        36     ------
  xdata-const size     =    ------     ------
  edata size           =    ------     ------
  bit size             =    ------     ------
  ebit size            =    ------     ------
  bitaddressable size  =    ------     ------
  ebitaddressable size =    ------     ------
  far data size        =    ------     ------
  huge data size       =    ------     ------
  const size           =    ------     ------
C251 COMPILER V5.60.0,  STEP_MOTOR_CONTROL                                                 17/02/22  14:35:33  PAGE 2   

  hconst size          =        12     ------
End of Module Information.


C251 COMPILATION COMPLETE.  0 WARNING(S),  0 ERROR(S)
